// Jest Snapshot v1, https://goo.gl/fbAQLP

exports[`should render Login correctly 1`] = `
<div>
  <button>
    Login!
  </button>
</div>
`;
